Release 14.4 - xst P.49d (nt64)
Copyright (c) 1995-2012 Xilinx, Inc.  All rights reserved.
--> Parameter TMPDIR set to xst/projnav.tmp


Total REAL time to Xst completion: 0.00 secs
Total CPU time to Xst completion: 0.07 secs
 
--> Parameter xsthdpdir set to xst


Total REAL time to Xst completion: 0.00 secs
Total CPU time to Xst completion: 0.07 secs
 
--> Reading design: roDriver.prj

TABLE OF CONTENTS
  1) Synthesis Options Summary
  2) HDL Parsing
  3) HDL Elaboration
  4) HDL Synthesis
       4.1) HDL Synthesis Report
  5) Advanced HDL Synthesis
       5.1) Advanced HDL Synthesis Report
  6) Low Level Synthesis
  7) Partition Report
  8) Design Summary
       8.1) Primitive and Black Box Usage
       8.2) Device utilization summary
       8.3) Partition Resource Summary
       8.4) Timing Report
            8.4.1) Clock Information
            8.4.2) Asynchronous Control Signals Information
            8.4.3) Timing Summary
            8.4.4) Timing Details
            8.4.5) Cross Clock Domains Report


=========================================================================
*                      Synthesis Options Summary                        *
=========================================================================
---- Source Parameters
Input File Name                    : "roDriver.prj"
Ignore Synthesis Constraint File   : NO

---- Target Parameters
Output File Name                   : "roDriver"
Output Format                      : NGC
Target Device                      : xa7z020-1I-clg400

---- Source Options
Top Module Name                    : roDriver
Automatic FSM Extraction           : YES
FSM Encoding Algorithm             : Auto
Safe Implementation                : No
FSM Style                          : LUT
RAM Extraction                     : Yes
RAM Style                          : Auto
ROM Extraction                     : Yes
Shift Register Extraction          : YES
ROM Style                          : Auto
Resource Sharing                   : YES
Asynchronous To Synchronous        : NO
Shift Register Minimum Size        : 2
Use DSP Block                      : Auto
Automatic Register Balancing       : No

---- Target Options
LUT Combining                      : Auto
Reduce Control Sets                : Auto
Add IO Buffers                     : YES
Global Maximum Fanout              : 100000
Add Generic Clock Buffer(BUFG)     : 32
Register Duplication               : YES
Optimize Instantiated Primitives   : NO
Use Clock Enable                   : Auto
Use Synchronous Set                : Auto
Use Synchronous Reset              : Auto
Pack IO Registers into IOBs        : Auto
Equivalent register Removal        : YES

---- General Options
Optimization Goal                  : Speed
Optimization Effort                : 1
Power Reduction                    : NO
Keep Hierarchy                     : No
Netlist Hierarchy                  : As_Optimized
RTL Output                         : Yes
Global Optimization                : AllClockNets
Read Cores                         : YES
Write Timing Constraints           : NO
Cross Clock Analysis               : NO
Hierarchy Separator                : /
Bus Delimiter                      : <>
Case Specifier                     : Maintain
Slice Utilization Ratio            : 100
BRAM Utilization Ratio             : 100
DSP48 Utilization Ratio            : 100
Auto BRAM Packing                  : NO
Slice Utilization Ratio Delta      : 5

=========================================================================


=========================================================================
*                          HDL Parsing                                  *
=========================================================================
Parsing VHDL file "F:\PUF\period_cul\roDriver.vhd" into library work
Parsing entity <roDriver>.
Parsing architecture <Behavioral> of entity <rodriver>.

=========================================================================
*                            HDL Elaboration                            *
=========================================================================

Elaborating entity <roDriver> (architecture <Behavioral>) from library <work>.

=========================================================================
*                           HDL Synthesis                               *
=========================================================================

Synthesizing Unit <roDriver>.
    Related source file is "F:\PUF\period_cul\roDriver.vhd".
    Register <dCounterBuf> equivalent to <diverOutBuf> has been removed
    Found 1-bit register for signal <driverOut>.
    Found 7-bit register for signal <timeInv>.
    Found 7-bit adder for signal <timeInv[6]_GND_5_o_add_3_OUT> created at line 65.
    Found 7-bit comparator greater for signal <GND_5_o_timeInv[6]_LessThan_2_o> created at line 60
    Summary:
	inferred   1 Adder/Subtractor(s).
	inferred   8 D-type flip-flop(s).
	inferred   1 Comparator(s).
	inferred   2 Multiplexer(s).
Unit <roDriver> synthesized.

=========================================================================
HDL Synthesis Report

Macro Statistics
# Adders/Subtractors                                   : 1
 7-bit adder                                           : 1
# Registers                                            : 2
 1-bit register                                        : 1
 7-bit register                                        : 1
# Comparators                                          : 1
 7-bit comparator greater                              : 1
# Multiplexers                                         : 2
 1-bit 2-to-1 multiplexer                              : 1
 7-bit 2-to-1 multiplexer                              : 1

=========================================================================

=========================================================================
*                       Advanced HDL Synthesis                          *
=========================================================================

WARNING:Xst - The specified part-type was not generated at build time. XST is loading the full part-type and will therefore consume more CPU and memory.
Loading device for application Rf_Device from file '7z020.nph' in environment f:\Xilinx\14.4\ISE_DS\ISE\.
Loading device for application Rf_Device from file '7z020.nph' in environment f:\Xilinx\14.4\ISE_DS\ISE\.

Synthesizing (advanced) Unit <roDriver>.
The following registers are absorbed into counter <timeInv>: 1 register on signal <timeInv>.
Unit <roDriver> synthesized (advanced).

=========================================================================
Advanced HDL Synthesis Report

Macro Statistics
# Counters                                             : 1
 7-bit up counter                                      : 1
# Registers                                            : 1
 Flip-Flops                                            : 1
# Comparators                                          : 1
 7-bit comparator greater                              : 1
# Multiplexers                                         : 1
 1-bit 2-to-1 multiplexer                              : 1

=========================================================================

=========================================================================
*                         Low Level Synthesis                           *
=========================================================================

Optimizing unit <roDriver> ...

Mapping all equations...
Building and optimizing final netlist ...
Found area constraint ratio of 100 (+ 5) on block roDriver, actual ratio is 0.

Final Macro Processing ...

=========================================================================
Final Register Report

Macro Statistics
# Registers                                            : 8
 Flip-Flops                                            : 8

=========================================================================

=========================================================================
*                           Partition Report                            *
=========================================================================

Partition Implementation Status
-------------------------------

  No Partitions were found in this design.

-------------------------------

=========================================================================
*                            Design Summary                             *
=========================================================================

Top Level Output File Name         : roDriver.ngc

Primitive and Black Box Usage:
------------------------------
# BELS                             : 12
#      LUT2                        : 2
#      LUT3                        : 2
#      LUT4                        : 1
#      LUT5                        : 2
#      LUT6                        : 4
#      MUXF7                       : 1
# FlipFlops/Latches                : 8
#      FDC                         : 8
# Clock Buffers                    : 1
#      BUFGP                       : 1
# IO Buffers                       : 3
#      IBUF                        : 1
#      OBUF                        : 2

Device utilization summary:
---------------------------

Selected Device : xa7z020clg400-1i 


Slice Logic Utilization: 
 Number of Slice Registers:               8  out of  106400     0%  
 Number of Slice LUTs:                   11  out of  53200     0%  
    Number used as Logic:                11  out of  53200     0%  

Slice Logic Distribution: 
 Number of LUT Flip Flop pairs used:     11
   Number with an unused Flip Flop:       3  out of     11    27%  
   Number with an unused LUT:             0  out of     11     0%  
   Number of fully used LUT-FF pairs:     8  out of     11    72%  
   Number of unique control sets:         1

IO Utilization: 
 Number of IOs:                           4
 Number of bonded IOBs:                   4  out of    125     3%  

Specific Feature Utilization:
 Number of BUFG/BUFGCTRLs:                1  out of     32     3%  

---------------------------
Partition Resource Summary:
---------------------------

  No Partitions were found in this design.

---------------------------


=========================================================================
Timing Report

NOTE: THESE TIMING NUMBERS ARE ONLY A SYNTHESIS ESTIMATE.
      FOR ACCURATE TIMING INFORMATION PLEASE REFER TO THE TRACE REPORT
      GENERATED AFTER PLACE-and-ROUTE.

Clock Information:
------------------
-----------------------------------+------------------------+-------+
Clock Signal                       | Clock buffer(FF name)  | Load  |
-----------------------------------+------------------------+-------+
driverClk                          | BUFGP                  | 8     |
-----------------------------------+------------------------+-------+

Asynchronous Control Signals Information:
----------------------------------------
No asynchronous control signals found in this design

Timing Summary:
---------------
Speed Grade: -1

   Minimum period: 1.422ns (Maximum Frequency: 703.235MHz)
   Minimum input arrival time before clock: 0.700ns
   Maximum output required time after clock: 0.637ns
   Maximum combinational path delay: No path found

Timing Details:
---------------
All values displayed in nanoseconds (ns)

=========================================================================
Timing constraint: Default period analysis for Clock 'driverClk'
  Clock period: 1.422ns (frequency: 703.235MHz)
  Total number of paths / destination ports: 47 / 8
-------------------------------------------------------------------------
Delay:               1.422ns (Levels of Logic = 2)
  Source:            timeInv_4 (FF)
  Destination:       timeInv_6 (FF)
  Source Clock:      driverClk rising
  Destination Clock: driverClk rising

  Data Path: timeInv_4 to timeInv_6
                                Gate     Net
    Cell:in->out      fanout   Delay   Delay  Logical Name (Net Name)
    ----------------------------------------  ------------
     FDC:C->Q              6   0.232   0.695  timeInv_4 (timeInv_4)
     LUT5:I0->O            1   0.043   0.409  Mcount_timeInv_cy<4>11 (Mcount_timeInv_cy<4>)
     LUT3:I2->O            1   0.043   0.000  Mcount_timeInv_xor<6>11 (Mcount_timeInv6)
     FDC:D                    -0.001          timeInv_6
    ----------------------------------------
    Total                      1.422ns (0.318ns logic, 1.104ns route)
                                       (22.4% logic, 77.6% route)

=========================================================================
Timing constraint: Default OFFSET IN BEFORE for Clock 'driverClk'
  Total number of paths / destination ports: 8 / 8
-------------------------------------------------------------------------
Offset:              0.700ns (Levels of Logic = 1)
  Source:            driverRst (PAD)
  Destination:       diverOutBuf (FF)
  Destination Clock: driverClk rising

  Data Path: driverRst to diverOutBuf
                                Gate     Net
    Cell:in->out      fanout   Delay   Delay  Logical Name (Net Name)
    ----------------------------------------  ------------
     IBUF:I->O             8   0.000   0.445  driverRst_IBUF (driverRst_IBUF)
     FDC:CLR                   0.255          diverOutBuf
    ----------------------------------------
    Total                      0.700ns (0.255ns logic, 0.445ns route)
                                       (36.4% logic, 63.6% route)

=========================================================================
Timing constraint: Default OFFSET OUT AFTER for Clock 'driverClk'
  Total number of paths / destination ports: 2 / 2
-------------------------------------------------------------------------
Offset:              0.637ns (Levels of Logic = 1)
  Source:            diverOutBuf (FF)
  Destination:       driverToCounter (PAD)
  Source Clock:      driverClk rising

  Data Path: diverOutBuf to driverToCounter
                                Gate     Net
    Cell:in->out      fanout   Delay   Delay  Logical Name (Net Name)
    ----------------------------------------  ------------
     FDC:C->Q              2   0.232   0.405  diverOutBuf (diverOutBuf)
     OBUF:I->O                 0.000          driverToCounter_OBUF (driverToCounter)
    ----------------------------------------
    Total                      0.637ns (0.232ns logic, 0.405ns route)
                                       (36.4% logic, 63.6% route)

=========================================================================

Cross Clock Domains Report:
--------------------------

Clock to Setup on destination clock driverClk
---------------+---------+---------+---------+---------+
               | Src:Rise| Src:Fall| Src:Rise| Src:Fall|
Source Clock   |Dest:Rise|Dest:Rise|Dest:Fall|Dest:Fall|
---------------+---------+---------+---------+---------+
driverClk      |    1.422|         |         |         |
---------------+---------+---------+---------+---------+

=========================================================================


Total REAL time to Xst completion: 28.00 secs
Total CPU time to Xst completion: 27.77 secs
 
--> 

Total memory usage is 752236 kilobytes

Number of errors   :    0 (   0 filtered)
Number of warnings :    1 (   0 filtered)
Number of infos    :    0 (   0 filtered)

